// Jest Snapshot v1, https://goo.gl/fbAQLP

exports[`<Input/> should be able render Input compoment correctly 1`] = `
.c0 {
  width: 100%;
  padding: 0.4rem 1.6rem;
  height: 5.4rem;
  background: #FFFFFF;
  display: -webkit-box;
  display: -webkit-flex;
  display: -ms-flexbox;
  display: flex;
  -webkit-align-items: center;
  -webkit-box-align: center;
  -ms-flex-align: center;
  align-items: center;
  -webkit-box-pack: center;
  -webkit-justify-content: center;
  -ms-flex-pack: center;
  justify-content: center;
}

.c0 > input {
  -webkit-flex: 1;
  -ms-flex: 1;
  flex: 1;
  outline: none;
  padding: 0.8rem;
  font-size: 1.6rem;
  color: #181818;
  border: none;
  width: 100%;
  height: 100%;
}

.c0 > input::-webkit-input-placeholder {
  color: #CECECE;
}

.c0 > input::-moz-placeholder {
  color: #CECECE;
}

.c0 > input:-ms-input-placeholder {
  color: #CECECE;
}

.c0 > input::placeholder {
  color: #CECECE;
}

<div
  class="c0"
  name="search"
>
  <input
    type="text"
  />
</div>
`;
